// Jest Snapshot v1, https://goo.gl/fbAQLP

exports[`NavBar component matches the snapshot 1`] = `
Array [
  <div
    className="NavBar"
  >
    <p>
      <a
        className="NavBarLink"
        href="/"
        onClick={[Function]}
      >
        Home
      </a>
      <a
        className="NavBarLink"
        href="/market"
        onClick={[Function]}
      >
        Marketplace
      </a>
      <a
        className="NavBarLink"
        href="/requests"
        onClick={[Function]}
      >
        Requests
      </a>
      <a
        className="NavBarLink"
        href="/feed"
        onClick={[Function]}
      >
        Repair Forum
      </a>
      <a
        className="NavBarLink"
        href="/login"
        onClick={[Function]}
      >
        Login
      </a>
    </p>
  </div>,
  <div
    className="Home"
  >
    <header
      className="Home-header"
    >
      <div
        className="HomeContainer"
        style={
          Object {
            "width": "90%",
          }
        }
      >
        <img
          alt="logo"
          className="Home-logo"
          src="recycle-logo.png"
        />
        <p>
          ReusingElectronicsAndOtherStuff
        </p>
        <div
          className="Home-redirects"
        >
          <button
            className="Home-btn"
            onClick={[Function]}
          >
            Give away something
          </button>
          <button
            className="Home-btn"
            onClick={[Function]}
          >
            Looking for something
          </button>
          <button
            className="Home-btn"
            onClick={[Function]}
          >
            Repair Forum
          </button>
          <button
            className="Home-btn"
            onClick={[Function]}
          >
            Login
          </button>
        </div>
      </div>
    </header>
  </div>,
]
`;
