// Jest Snapshot v1, https://goo.gl/fbAQLP

exports[`NavBar component matches the snapshot 1`] = `
<div
  className="NavBar"
>
  <p>
    <a
      className="NavBarLink"
      href="/"
      onClick={[Function]}
    >
      Home
    </a>
    <a
      className="NavBarLink"
      href="/market"
      onClick={[Function]}
    >
      Marketplace
    </a>
    <a
      className="NavBarLink"
      href="/request"
      onClick={[Function]}
    >
      Requests
    </a>
    <a
      className="NavBarLink"
      href="/feed"
      onClick={[Function]}
    >
      Repair Forum
    </a>
    <a
      className="NavBarLink"
      href="/login"
      onClick={[Function]}
    >
      Login
    </a>
  </p>
</div>
`;
